04:06:26 **** Incremental Build of configuration Debug for project Practica3-1 ****
make -j2 all 
arm-none-eabi-gcc "../Src/API_debounce.c" -mcpu=cortex-m4 -std=gnu11 -g3 -DDEBUG -DSTM32 -DSTM32F429ZITx -DSTM32F4 -DNUCLEO_F429ZI -DUSE_HAL_DRIVER -DSTM32F429xx -c -I../Inc -I"/home/rizohector/cursos/cese/github/PdM_workspace/Practica3-1/Drivers/STM32F4xx_HAL_Driver/Inc" -I"/home/rizohector/cursos/cese/github/PdM_workspace/Practica3-1/Drivers/CMSIS/Include" -I"/home/rizohector/cursos/cese/github/PdM_workspace/Practica3-1/Drivers/CMSIS/Device/ST/STM32F4xx/Include" -I"/home/rizohector/cursos/cese/github/PdM_workspace/Practica3-1/Drivers/BSP/STM32F4xx_Nucleo_144" -I"/home/rizohector/cursos/cese/github/PdM_workspace/Practica3-1/Drivers/Core/Inc" -O0 -ffunction-sections -fdata-sections -Wall -fstack-usage -MMD -MP -MF"Src/API_debounce.d" -MT"Src/API_debounce.o" --specs=nano.specs -mfpu=fpv4-sp-d16 -mfloat-abi=hard -mthumb -o "Src/API_debounce.o"
arm-none-eabi-gcc "../Src/API_delay.c" -mcpu=cortex-m4 -std=gnu11 -g3 -DDEBUG -DSTM32 -DSTM32F429ZITx -DSTM32F4 -DNUCLEO_F429ZI -DUSE_HAL_DRIVER -DSTM32F429xx -c -I../Inc -I"/home/rizohector/cursos/cese/github/PdM_workspace/Practica3-1/Drivers/STM32F4xx_HAL_Driver/Inc" -I"/home/rizohector/cursos/cese/github/PdM_workspace/Practica3-1/Drivers/CMSIS/Include" -I"/home/rizohector/cursos/cese/github/PdM_workspace/Practica3-1/Drivers/CMSIS/Device/ST/STM32F4xx/Include" -I"/home/rizohector/cursos/cese/github/PdM_workspace/Practica3-1/Drivers/BSP/STM32F4xx_Nucleo_144" -I"/home/rizohector/cursos/cese/github/PdM_workspace/Practica3-1/Drivers/Core/Inc" -O0 -ffunction-sections -fdata-sections -Wall -fstack-usage -MMD -MP -MF"Src/API_delay.d" -MT"Src/API_delay.o" --specs=nano.specs -mfpu=fpv4-sp-d16 -mfloat-abi=hard -mthumb -o "Src/API_delay.o"
arm-none-eabi-gcc "../Src/main.c" -mcpu=cortex-m4 -std=gnu11 -g3 -DDEBUG -DSTM32 -DSTM32F429ZITx -DSTM32F4 -DNUCLEO_F429ZI -DUSE_HAL_DRIVER -DSTM32F429xx -c -I../Inc -I"/home/rizohector/cursos/cese/github/PdM_workspace/Practica3-1/Drivers/STM32F4xx_HAL_Driver/Inc" -I"/home/rizohector/cursos/cese/github/PdM_workspace/Practica3-1/Drivers/CMSIS/Include" -I"/home/rizohector/cursos/cese/github/PdM_workspace/Practica3-1/Drivers/CMSIS/Device/ST/STM32F4xx/Include" -I"/home/rizohector/cursos/cese/github/PdM_workspace/Practica3-1/Drivers/BSP/STM32F4xx_Nucleo_144" -I"/home/rizohector/cursos/cese/github/PdM_workspace/Practica3-1/Drivers/Core/Inc" -O0 -ffunction-sections -fdata-sections -Wall -fstack-usage -MMD -MP -MF"Src/main.d" -MT"Src/main.o" --specs=nano.specs -mfpu=fpv4-sp-d16 -mfloat-abi=hard -mthumb -o "Src/main.o"
arm-none-eabi-gcc -o "Practica3-1.elf" @"objects.list"   -mcpu=cortex-m4 -T"/home/rizohector/cursos/cese/github/PdM_workspace/Practica3-1/STM32F429ZITX_FLASH.ld" --specs=nosys.specs -Wl,-Map="Practica3-1.map" -Wl,--gc-sections -static --specs=nano.specs -mfpu=fpv4-sp-d16 -mfloat-abi=hard -mthumb -Wl,--start-group -lc -lm -Wl,--end-group
Finished building target: Practica3-1.elf
 
arm-none-eabi-size   Practica3-1.elf 
arm-none-eabi-objdump -h -S  Practica3-1.elf  > "Practica3-1.list"
   text	   data	    bss	    dec	    hex	filename
   6924	     36	   1588	   8548	   2164	Practica3-1.elf
Finished building: default.size.stdout
 
arm-none-eabi-objcopy  -O binary  Practica3-1.elf  "Practica3-1.bin"
Finished building: Practica3-1.list
 
Finished building: Practica3-1.bin
 

04:06:29 Build Finished. 0 errors, 0 warnings. (took 3s.433ms)

